2026-01-13 10:11:37.124182+0800 0x2de826   Default     0xc2c634             219    7    runningboardd: (RunningBoard) [com.apple.runningboard:ttl] Invalidating assertion 219-205-85407 (target:[app<application.com.google.antigravity.13067403.13067409(501)>:848]) from originator [osservice<com.apple.WindowServer(88)>:205]
2026-01-13 10:11:37.124221+0800 0x2de7cd   Default     0x0                  151    8    dasd: [com.apple.duetactivityscheduler:default] Trigger: <private> is now [<private>]
2026-01-13 10:11:37.124258+0800 0x2dea65   Default     0xc2c295             444    0    BiomeAgent: (IntelligencePlatformCore) [com.apple.intelligenceplatform:orchestration] ViewUpdate: 79:AppsRecentlyFocused: Beginning view update attempt
2026-01-13 10:11:37.124395+0800 0x2de765   Default     0x0                  69265  0    parsecd: (Network) [com.apple.network:connection] [C478 Hostname#dbdff008:443 waiting parent-flow (satisfied (Path is satisfied), interface: utun4, ipv4, ipv6, dns, uses wifi, proxy, LQM: unknown)] event: path:satisfied @0.000s, uuid: D013466D-B301-4DDD-AAD2-8945659A0D57
2026-01-13 10:11:37.124438+0800 0x2de765   Default     0x0                  69265  0    parsecd: (Network) [com.apple.network:connection] [C478 Hostname#dbdff008:443 in_progress parent-flow (satisfied (Path is satisfied), interface: utun4, ipv4, ipv6, dns, uses wifi, proxy, LQM: unknown)] event: flow:start_connect @0.000s
2026-01-13 10:11:37.124441+0800 0x2de765   Default     0x0                  69265  0    parsecd: (Network) [com.apple.network:connection] nw_connection_report_state_with_handler_on_nw_queue [C478] reporting state preparing
2026-01-13 10:11:37.124543+0800 0x2de7f6   Default     0x0                  17794  0    Activity Monitor: (GPUWrangler) [com.apple.GPUWrangler:default] (reg) gpu 0x5626 flags 0x10 (IG) vid.did=8086.3e9b b:d:f=0:2:0 
gpu 0x5626        pci 0x1000003d2 IOService:/AppleACPIPlatformExpert/PCI0@0/AppleACPIPCI/IGPU@2
gpu 0x5626       agdc 0x100000710     /AppleIntelFramebufferController/IntelFBClientControl
gpu 0x5626       gpuc 0x000000000 
gpu 0x5626 agdpclient 0x000000000 
gpu 0x5626      accel 0x1000006c5     /IntelAccelerator
gpu 0x5626      fb0:0 0x1000006d7     /AppleIntelFramebuffer@0
2026-01-13 10:11:37.124545+0800 0x2de765   Default     0x0                  69265  0    parsecd: (Network) [com.apple.network:connection] [C478 Hostname#dbdff008:443 in_progress parent-flow (satisfied (Path is satisfied), interface: utun4, ipv4, ipv6, dns, uses wifi, proxy, LQM: unknown)] event: flow:start_child @0.000s
2026-01-13 10:11:37.124550+0800 0x2de765   Default     0x0                  69265  0    parsecd: (Network) [com.apple.network:connection] [C478.1 Hostname#dbdff008:443 initial path ((null))] event: path:start @0.000s
2026-01-13 10:11:37.124574+0800 0x2de8dc   Default     0xc2c295             444    3    BiomeAgent: (BiomeStorage) [com.apple.Biome:BiomeStorage] Enumerator for App.InFocus starting from <private>/<private>+0x75dd0
2026-01-13 10:11:37.124588+0800 0x2de765   Default     0x0                  69265  0    parsecd: (Network) [com.apple.network:connection] [C478.1 Hostname#dbdff008:443 waiting path (satisfied (Path is satisfied), interface: utun4, ipv4, ipv6, dns, uses wifi, proxy, LQM: unknown)] event: path:satisfied @0.000s, uuid: D013466D-B301-4DDD-AAD2-8945659A0D57
2026-01-13 10:11:37.124597+0800 0x2de765   Default     0x0                  69265  0    parsecd: (Network) [com.apple.network:connection] [C478.1 Hostname#dbdff008:443 in_progress transform (satisfied (Path is satisfied), interface: utun4, ipv4, ipv6, dns, uses wifi, proxy, LQM: unknown)] event: transform:start @0.000s
2026-01-13 10:11:37.124677+0800 0x2de765   Default     0x0                  69265  0    parsecd: (Network) [com.apple.network:connection] [C478.1.1 Hostname#dbdff008:443 initial path ((null))] event: path:start @0.000s
2026-01-13 10:11:37.125018+0800 0x2de765   Default     0x0                  69265  0    parsecd: (Network) [com.apple.network:connection] [C478.1.1 Hostname#dbdff008:443 waiting path (satisfied (Path is satisfied), interface: utun4, ipv4, ipv6, dns, uses wifi, proxy, LQM: unknown)] event: path:satisfied @0.000s, uuid: B7FCB144-1B05-4ECF-AA38-9DB583520E63
2026-01-13 10:11:37.125132+0800 0x2de765   Default     0x0                  69265  0    parsecd: (Network) [com.apple.network:connection] [C478.1.1 Hostname#dbdff008:443 in_progress proxy (satisfied (Path is satisfied), interface: utun4, ipv4, ipv6, dns, uses wifi, proxy, LQM: unknown)] event: proxy:start_process @0.001s
2026-01-13 10:11:37.125132+0800 0x3ce      Default     0x0                  205    7    WindowServer: (SkyLight) [com.apple.SkyLight:default] pid 438 failed to act on a ping it dequeued before timing out.
2026-01-13 10:11:37.125288+0800 0x2de765   Default     0x0                  69265  0    parsecd: (Network) [com.apple.network:connection] [C478.1.1 Hostname#dbdff008:443 in_progress proxy (satisfied (Path is satisfied), interface: utun4, ipv4, ipv6, dns, uses wifi, proxy, LQM: unknown)] event: proxy:finish_process @0.001s
2026-01-13 10:11:37.125350+0800 0x2de765   Default     0x0                  69265  0    parsecd: (Network) [com.apple.network:connection] [C478.1.1 Hostname#dbdff008:443 in_progress proxy (satisfied (Path is satisfied), interface: utun4, ipv4, ipv6, dns, uses wifi, proxy, LQM: unknown)] event: proxy:start_resolve @0.001s
2026-01-13 10:11:37.125359+0800 0x2de765   Default     0x0                  69265  0    parsecd: (Network) [com.apple.network:connection] [C478.1.1 Hostname#dbdff008:443 in_progress proxy (satisfied (Path is satisfied), interface: utun4, ipv4, ipv6, dns, uses wifi, proxy, LQM: unknown)] event: proxy:finish_resolve @0.001s
2026-01-13 10:11:37.125452+0800 0x2de765   Default     0x0                  69265  0    parsecd: (Network) [com.apple.network:connection] [C478.1.1.1 127.0.0.1:1082 initial path ((null))] event: path:start @0.001s
2026-01-13 10:11:37.125601+0800 0x2de765   Default     0x0                  69265  0    parsecd: (Network) [com.apple.network:connection] [C478.1.1.1 127.0.0.1:1082 waiting path (satisfied (Path is satisfied), interface: lo0)] event: path:satisfied @0.001s, uuid: 3D7D6E59-D87C-4F49-AD16-AB7B17B40545
2026-01-13 10:11:37.126459+0800 0x2de765   Default     0x0                  69265  0    parsecd: (Network) [com.apple.network:connection] [C478.1.1.1 127.0.0.1:1082 in_progress socket-flow (satisfied (Path is satisfied), interface: lo0)] event: flow:start_connect @0.002s
2026-01-13 10:11:37.126504+0800 0x2dea66   Default     0xc2c295             551    0    corespotlightd: (SpotlightServices) [com.apple.SpotlightServices:General] <private>: processing event for bundle <private>.
2026-01-13 10:11:37.126532+0800 0x2dea25   Default     0x0                  81599  0    Catalytic: (HIServices) [com.apple.processmanager:front-35286506] SignalReady: pid=81599 asn=0x0-0x7b87b8
2026-01-13 10:11:37.126769+0800 0x2de765   Default     0x0                  69265  0    parsecd: (CFNetwork) [com.apple.CFNetwork:Default] Task <AD41A737-78B9-491D-8C5C-43E201FDFE0E>.<1> setting up Connection 478
2026-01-13 10:11:37.126948+0800 0x2de765   Default     0x0                  69265  0    parsecd: (Network) [com.apple.network:connection] nw_socket_handle_socket_event [C478.1.1.1:4] Socket received CONNECTED event
2026-01-13 10:11:37.127066+0800 0x2dea66   Activity    0xc2bc54             551    0    corespotlightd: (BiomeFoundation) _BMXPCFileManager.temporaryFileHandleWithProtection:error:
2026-01-13 10:11:37.127132+0800 0x2dea25   Default     0x0                  81599  0    Catalytic: (LaunchServices) [com.apple.processmanager:front-35286506] SIGNAL: pid=81599 asn=0x0x-0x7b87b8
2026-01-13 10:11:37.127713+0800 0x2de7f6   Default     0x0                  17794  0    Activity Monitor: (GPUWrangler) [com.apple.GPUWrangler:default] (reg) gpu 0x88a8 flags 0x20 (DG) vid.did=1002.7340 b:d:f=3:0:0 
gpu 0x88a8        pci 0x1000003df IOService:/AppleACPIPlatformExpert/PCI0@0/AppleACPIPCI/PEG0@1/IOPP/EGP0@0/IOPP/EGP1@0/IOPP/GFX0@0
gpu 0x88a8       agdc 0x1000007e2     /AMDRadeonX6000_AmdAgdcServices
gpu 0x88a8       gpuc 0x1000006ca     /AMDRadeonX6000_AmdGpuWrangler
gpu 0x88a8 agdpclient 0x1000007e4     /AMDRadeonX6000_AmdAgdcServices/AppleGraphicsDevicePolicy/AGDPClientControl
gpu 0x88a8      accel 0x10000071a     /AMDRadeonX6000_AMDNavi14GraphicsAccelerator
gpu 0x88a8      fb0:0 0x10000071f     /AMDRadeonX6000_AmdRadeonControllerNavi14/ATY,Boa@0
gpu 0x88a8      fb1:1 0x100000721     /AMDRadeonX6000_AmdRadeonControllerNavi14/ATY,Boa@1
gpu 0x88a8      fb2:2 0x100000723     /AMDRadeonX6000_AmdRadeonControllerNavi14/ATY,Boa@2
gpu 0x88a8      fb3:3 0x100000725     /AMDRadeonX6000_AmdRadeonControllerNavi14/ATY,Boa@3
gpu 0x88a8      fb4:4 0x10000072d     /AMDRadeonX6000_AmdRadeonControllerNavi14/ATY,Boa@4
2026-01-13 10:11:37.127823+0800 0x2dea65   Default     0xc2c295             444    3    BiomeAgent: (BiomeStorage) [com.apple.Biome:BiomeStorage] Enumerator for App.InFocus starting from <private>/<private>+0x75dd0
2026-01-13 10:11:37.128068+0800 0x2dea66   Activity    0xc2bc55             551    0    corespotlightd: (BiomeFoundation) _BMXPCFileManager.replaceFileAtPath:withFileHandle:error:
2026-01-13 10:11:37.128155+0800 0x2de765   Default     0x0                  69265  0    parsecd: (Network) [com.apple.network:connection] nw_flow_connected [C478.1.1.1 127.0.0.1:1082 in_progress socket-flow (satisfied (Path is satisfied), viable, interface: lo0)] Transport protocol connected (socket)
2026-01-13 10:11:37.128170+0800 0x2de765   Default     0x0                  69265  0    parsecd: (Network) [com.apple.network:connection] [C478.1.1.1 127.0.0.1:1082 in_progress socket-flow (satisfied (Path is satisfied), viable, interface: lo0)] event: flow:finish_transport @0.004s
2026-01-13 10:11:37.128293+0800 0x2de765   Default     0x0                  69265  0    parsecd: (libboringssl.dylib) [com.apple.network:boringssl] boringssl_session_apply_protocol_options_for_transport_block_invoke_2(2323) [C478.1.1.1:2][0x7fc7fff17ad0] TLS configured [min_version(0x0303) max_version(0x0304) name(redacted) tickets(false) false_start(false) enforce_ev(false) enforce_ats(false) ats_non_pfs_ciphersuite_allowed(false) ech(false) pqtls(true), pake(false)]
2026-01-13 10:11:37.128334+0800 0x2de765   Default     0x0                  69265  0    parsecd: (libboringssl.dylib) [com.apple.network:boringssl] boringssl_context_info_handler(2390) [C478.1.1.1:2][0x7fc7fff17ad0] Client handshake started
2026-01-13 10:11:37.128585+0800 0x2de8dc   Default     0xc2c295             444    3    BiomeAgent: (BiomeStorage) [com.apple.Biome:BiomeStorage] Enumerator for App.InFocus starting from <private>/<private>+0x75dd0
2026-01-13 10:11:37.128756+0800 0x2de765   Default     0x0                  69265  0    parsecd: (libboringssl.dylib) [com.apple.network:boringssl] boringssl_context_info_handler(2407) [C478.1.1.1:2][0x7fc7fff17ad0] Client handshake state: TLS client enter_early_data
2026-01-13 10:11:37.128790+0800 0x2de765   Default     0x0                  69265  0    parsecd: (libboringssl.dylib) [com.apple.network:boringssl] boringssl_context_info_handler(2407) [C478.1.1.1:2][0x7fc7fff17ad0] Client handshake state: TLS client read_server_hello
2026-01-13 10:11:37.128810+0800 0x5f5d     Activity    0xc2c305             1288   0    SCIM_Extension: (InputMethodKit) Deactivate Server
2026-01-13 10:11:37.128814+0800 0x5f5d     Activity    0xc2c306             1288   0    SCIM_Extension: (InputMethodKit) Get bundle identifier
2026-01-13 10:11:37.128905+0800 0x2dea25   Default     0x0                  81599  0    Catalytic: (AppKit) [com.apple.AppKit:AutomaticTermination] void _NSDisableAutomaticTerminationAndLog(NSString *) No windows open yet
2026-01-13 10:11:37.129094+0800 0x2dea68   Fault       0xc2c389             848    14   Electron: (Foundation) [com.apple.Foundation:general] *** -[NSXPCDecoder validateAllowedClass:forKey:]: NSSecureCoding allowed classes list contains [NSObject class], which bypasses security by allowing any Objective-C class to be implicitly decoded. Consider reducing the scope of allowed classes during decoding by listing only the classes you expect to decode, or a more specific base class than NSObject. This will become an error in the future. Allowed class list: {(
    "'NSObject' (0x7ff8513ad398) [/usr/lib]"
)}
NSXPCInterface: <NSXPCInterface: 0x134034f4ca0>
Protocol: IMKXPCServerProxy
SEL: setValue:forTag:reply: (3 arguments, 0 proxies)
 Classes: [{NSArray, NSDate, NSDictionary, NSSet, NSNumber, NSString, NSData, NSOrderedSet, NSNull}, {}, {}]
 Reply block: (arg #4, (1 arguments, 0 proxies), signature 'v@?c') [{}]
SEL: menusDictionaryWithReply: (1 arguments, 0 proxies)
 Classes: [{}]
 Reply block: (arg #2, (1 arguments, 0 proxies), signature 'v@?@"NSDictionary"') [{NSArray, NSDate, NSDictionary, NSSet, NSNumber, NSString, NSData, NSOrderedSet, NSNull}]
SEL: recognizedEventsWithReply: (1 arguments, 0 proxies)
 Classes: [{}]
 Reply block: (arg #2, (1 arguments, 0 proxies), signature 'v@?Q') [{}]
SEL: deactivateServerWithReply: (1 arguments, 0 proxies)
 Classes: [{}]
 Reply block: (arg #2, (1 arguments, 0 proxies), signature 'v@?c') [{}]
SEL: activateServerWithReply: (1 arguments, 0 proxies)
 Classes: [{}]
 Reply block: (arg #2, (1 arguments, 0 proxies), signature 'v@?c') [{}]
SEL: handleEvent:characterIndex:edge:reply: (4 arguments, 0 proxies)
 Classes: [IMKEvent, {}, {}, {}]
 Reply block: (arg #5, (1 arguments, 0 proxies), signature 'v@?c') [{}]

<NSXPCConnection: 0x13405f15f80> connection to service with pid 1288 created from an endpoint
2026-01-13 10:11:37.129094+0800 0x2dea68   Activity    0xc2c389             848    0    Electron: (libsystem_trace.dylib) Activity for state dumps
2026-01-13 10:11:37.129675+0800 0x158f     Activity    0xc2bd28             638    0    PAH_Extension: (InputMethodKit) Deactivate Server
2026-01-13 10:11:37.129677+0800 0x158f     Activity    0xc2bd29             638    0    PAH_Extension: (InputMethodKit) Get bundle identifier
2026-01-13 10:11:37.129867+0800 0x2dc859   Default     0x0                  427    0    distnoted: [com.apple.distnoted:diagnostic] register name: AppleInterfaceMenuBarHidingChangedNotification object: kCFNotificationAnyObject token: 300000002 pid: 81599
2026-01-13 10:11:37.129902+0800 0x2dea65   Default     0xc2c295             444    0    BiomeAgent: (IntelligencePlatformCompute) [com.apple.intelligenceplatform.IntelligencePlatformCompute:default] GDCComputeService: updateViewWithName called: <private>
2026-01-13 10:11:37.129927+0800 0x2dea65   Default     0xc2c295             444    0    BiomeAgent: (IntelligencePlatformCompute) [com.apple.intelligenceplatform.IntelligencePlatformCompute:default] GDCComputeService: updateViewWithName: request: <private> <private>
2026-01-13 10:11:37.129937+0800 0x1994     Activity    0xc2c320             699    0    EmojiFunctionRowIM_Extension: (InputMethodKit) Deactivate Server
2026-01-13 10:11:37.129939+0800 0x1994     Activity    0xc2c321             699    0    EmojiFunctionRowIM_Extension: (InputMethodKit) Get bundle identifier
2026-01-13 10:11:37.129940+0800 0x2dea65   Default     0xc2c295             444    0    BiomeAgent: (IntelligencePlatformCompute) [com.apple.intelligenceplatform.IntelligencePlatformCompute:default] GDCComputeService: updateViewWithName: request: <private> <private>
2026-01-13 10:11:37.129951+0800 0x2dea65   Default     0xc2c295             444    0    BiomeAgent: (IntelligencePlatformCompute) [com.apple.intelligenceplatform.IntelligencePlatformCompute:default] GDCComputeService: updateViewWithName: request: <private> <private>
2026-01-13 10:11:37.129960+0800 0x2de70b   Default     0x0                  427    0    distnoted: [com.apple.distnoted:diagnostic] register name: __NSFakeMemoryPressureNotification object: kCFNotificationAnyObject token: 400000003 pid: 81599
2026-01-13 10:11:37.130142+0800 0x2dea25   Default     0x0                  81599  0    Catalytic: (AppKit) [com.apple.AppKit:Appearance] Current system appearance, (HLTB: 1), (SLS: 0)
2026-01-13 10:11:37.130632+0800 0x1593     Default     0x0                  639    0    CursorUIViewService: [com.apple.TextInputUI:ViewService] -[TUICursorUIViewService setTextCursorIsActive:]: NO
2026-01-13 10:11:37.130634+0800 0x1593     Default     0x0                  639    0    CursorUIViewService: [com.apple.TextInputUI:ViewService] -[TUINSTextInputMenuController deactivateInputModeSwitcher]
2026-01-13 10:11:37.130659+0800 0x2dea74   Default     0xc2c295             743    0    IntelligencePlatformComputeService: [com.apple.intelligenceplatform.IntelligencePlatformComputeService:Default] IntelligencePlatformComputeService: updateViewWithName AppsRecentlyFocused called
2026-01-13 10:11:37.130735+0800 0x2de7fc   Default     0xc2c295             743    0    IntelligencePlatformComputeService: [com.apple.intelligenceplatform.IntelligencePlatformComputeService:Default] IntelligencePlatformComputeService: updateViewWithName AppsRecentlyFocused begining update
2026-01-13 10:11:37.130781+0800 0x2de7e2   Activity    0xc2b8dc             640    0    Spotlight: (BiomeFoundation) _BMXPCFileManager.temporaryFileHandleWithProtection:error:
2026-01-13 10:11:37.130919+0800 0x2de70b   Default     0x0                  427    0    distnoted: [com.apple.distnoted:diagnostic] register name: AppleAquaColorVariantChanged object: kCFNotificationAnyObject token: 500000004 pid: 81599
2026-01-13 10:11:37.130992+0800 0x12c7     Default     0x0                  601    0    TextInputSwitcher: (TextInputMenuUI) <private>
2026-01-13 10:11:37.130999+0800 0x2dc859   Default     0x0                  427    0    distnoted: [com.apple.distnoted:diagnostic] unregister token: 40a00000325 pid: 848
2026-01-13 10:11:37.131051+0800 0x2dc859   Default     0x0                  427    0    distnoted: [com.apple.distnoted:diagnostic] register name: AppleReduceDesktopTintingChanged object: kCFNotificationAnyObject token: 600000005 pid: 81599
2026-01-13 10:11:37.131083+0800 0x2dc859   Default     0x0                  427    0    distnoted: [com.apple.distnoted:diagnostic] unregister token: 40b00000324 pid: 848
2026-01-13 10:11:37.131436+0800 0x2de7e2   Activity    0xc2b8dd             640    0    Spotlight: (BiomeFoundation) _BMXPCFileManager.replaceFileAtPath:withFileHandle:error:
2026-01-13 10:11:37.131921+0800 0x2dea25   Default     0x0                  81599  0    Catalytic: (libMobileGestalt.dylib) No persisted cache on this platform.
2026-01-13 10:11:37.132467+0800 0x3ce      Default     0x0                  205    7    WindowServer: (SkyLight) [com.apple.SkyLight:display] [ Display:Brightness ] Display 69734662 set_current_headroom: 1.000000
2026-01-13 10:11:37.132552+0800 0x2de7fc   Default     0x0                  743    3    IntelligencePlatformComputeService: (BiomeStorage) [com.apple.Biome:BiomeStorage] Enumerator for App.InFocus starting from <private>/<private>+0x75dd0
2026-01-13 10:11:37.132579+0800 0x2de7fc   Activity    0xc2adbb             743    0    IntelligencePlatformComputeService: (BiomeFoundation) _BMXPCFileManager._fileHandleForFileAtPath:flags:protection:error:
2026-01-13 10:11:37.132750+0800 0x2de8dc   Default     0xc2c295             444    3    BiomeAgent: (BiomeStorage) [com.apple.Biome:BiomeStorage] Enumerator for App.InFocus starting from <private>/<private>+0x75dd0
2026-01-13 10:11:37.133172+0800 0x2dea25   Default     0x0                  81599  0    Catalytic: (libMobileGestalt.dylib) Failed to copy the SysCfgDict MG key with error: 0
2026-01-13 10:11:37.134000+0800 0x2de7fc   Default     0x0                  743    0    IntelligencePlatformComputeService: (libxpc.dylib) [com.apple.xpc:connection] [0x7fcfd802a740] invalidated because the current process cancelled the connection by calling xpc_connection_cancel()
2026-01-13 10:11:37.134116+0800 0x2de7e1   Default     0x0                  444    0    BiomeAgent: (libxpc.dylib) [com.apple.xpc:connection] [0x7fd1c636a260] invalidated because the client process (pid 743) either cancelled the connection or exited
2026-01-13 10:11:37.135008+0800 0x0        State       0xc2c389             848    14   Electron: (DDD05679-1753-3106-BE6C-20A4A060B4D7) CLLocationManagerStateTracker
{"trackRunInfoEnabled":false,"previousAuthorizationStatusValid":true,"paused":false,"requestingLocation":false,"updatingVehicleSpeed":false,"desiredAccuracy":-1,"allowsBackgroundLocationUpdates":false,"dynamicAccuracyReductionEnabled":false,"distanceFilter":-1,"allowsLocationPrompts":true,"activityType":0,"groundAltitudeEnabled":false,"pausesLocationUpdatesAutomatically":1,"fusionInfoEnabled":false,"isAuthorizedForWidgetUpdates":false,"updatingVehicleHeading":false,"batchingLocation":false,"showsBackgroundLocationIndicator":false,"updatingLocation":false,"updatingHeading":false,"previousAuthorizationStatus":0,"allowsMapCorrection":true,"matchInfoEnabled":false,"allowsAlteredAccessoryLocations":false,"limitsPrecision":false,"courtesyPromptNeeded":false,"headingFilter":1}
2026-01-13 10:11:37.135030+0800 0x2dea5f   Activity    0xc2c592             662    0    duetexpertd: (BiomeFoundation) _BMXPCFileManager.temporaryFileHandleWithProtection:error:
2026-01-13 10:11:37.135049+0800 0x0        State       0xc2c389             848    14   Electron: (B925B86B-1197-3578-81E9-058A6789BDD3) UAUserActivity
UAUserActivityManager supportsActivityContinuation=YES isEnabled=YES serverPid=0 PROJECT:UserActivity-551
2026-01-13 10:11:37.135747+0800 0x2dea25   Default     0x0                  81599  0    Catalytic: (AppKit) [com.apple.AppKit:Appearance] Current system appearance, (HLTB: 1), (SLS: 0)
2026-01-13 10:11:37.135763+0800 0x2dea5f   Activity    0xc2c593             662    0    duetexpertd: (BiomeFoundation) _BMXPCFileManager.replaceFileAtPath:withFileHandle:error:
2026-01-13 10:11:37.136388+0800 0x2de7fc   Default     0x0                  743    0    IntelligencePlatformComputeService: (IntelligencePlatformCore) [com.apple.intelligenceplatform:views] ViewUpdate: <private>: Finished update
2026-01-13 10:11:37.136392+0800 0x2de7fc   Default     0x0                  743    0    IntelligencePlatformComputeService: (IntelligencePlatformCore) [com.apple.intelligenceplatform:views] ViewUpdate: <private>: <private>: Finished update
2026-01-13 10:11:37.136593+0800 0x2de70b   Default     0x0                  427    0    distnoted: [com.apple.distnoted:diagnostic] register name: AXInterfaceIncreaseContrastStatusDidChange object: kCFNotificationAnyObject token: 700000006 pid: 81599
2026-01-13 10:11:37.136667+0800 0x2dea25   Default     0x0                  81599  0    Catalytic: (AppKit) [com.apple.AppKit:Appearance] Post-registration system appearance: (HLTB: 1)
2026-01-13 10:11:37.136667+0800 0x2de70b   Default     0x0                  427    0    distnoted: [com.apple.distnoted:diagnostic] register name: kDictationIMNotificationUseOnlyOfflineDictationChanged object: kCFNotificationAnyObject token: 800000007 pid: 81599
2026-01-13 10:11:37.136719+0800 0x2de70b   Default     0x0                  427    0    distnoted: [com.apple.distnoted:diagnostic] register name: com.apple.universalaccess.VoiceOverSettingsDidChange object: kCFNotificationAnyObject token: 900000008 pid: 81599
2026-01-13 10:11:37.136796+0800 0x2dc859   Default     0x0                  427    0    distnoted: [com.apple.distnoted:diagnostic] register name: AXInterfaceClassicInvertColorStatusDidChange object: kCFNotificationAnyObject token: a00000009 pid: 81599
2026-01-13 10:11:37.136840+0800 0x2de8dc   Default     0xc2c295             444    3    BiomeAgent: (BiomeStorage) [com.apple.Biome:BiomeStorage] Enumerator for App.InFocus starting from <private>/<private>+0x75dd0
2026-01-13 10:11:37.136879+0800 0x2de70b   Default     0x0                  427    0    distnoted: [com.apple.distnoted:diagnostic] register name: AXInterfaceDifferentiateWithoutColorStatusDidChange object: kCFNotificationAnyObject token: b0000000a pid: 81599
2026-01-13 10:11:37.136932+0800 0x2de70b   Default     0x0                  427    0    distnoted: [com.apple.distnoted:diagnostic] register name: AXInterfaceShowWindowTitlebarIconsStatusDidChangeNotification object: kCFNotificationAnyObject token: c0000000b pid: 81599
2026-01-13 10:11:37.136994+0800 0x2dc859   Default     0x0                  427    0    distnoted: [com.apple.distnoted:diagnostic] register name: AXInterfaceReduceTransparencyStatusDidChange object: kCFNotificationAnyObject token: d0000000c pid: 81599
2026-01-13 10:11:37.137004+0800 0x2dea74   Default     0xc2c295             743    0    IntelligencePlatformComputeService: [com.apple.intelligenceplatform.IntelligencePlatformComputeService:Default] IntelligencePlatformComputeService: update AppsRecentlyFocused returning responses
2026-01-13 10:11:37.137043+0800 0x2dc859   Default     0x0                  427    0    distnoted: [com.apple.distnoted:diagnostic] register name: AXInterfaceReduceMotionStatusDidChange object: kCFNotificationAnyObject token: e0000000d pid: 81599
2026-01-13 10:11:37.137083+0800 0x2dc859   Default     0x0                  427    0    distnoted: [com.apple.distnoted:diagnostic] register name: com.apple.universalaccess.screenPolarityDidChange object: kCFNotificationAnyObject token: f0000000e pid: 81599
2026-01-13 10:11:37.137128+0800 0x2dc859   Default     0x0                  427    0    distnoted: [com.apple.distnoted:diagnostic] register name: com.apple.universalaccess.screenGrayscaleDidChange object: kCFNotificationAnyObject token: 100000000f pid: 81599
2026-01-13 10:11:37.137170+0800 0x2dc859   Default     0x0                  427    0    distnoted: [com.apple.distnoted:diagnostic] register name: AXInterfaceShowToolbarButtonShapesStatusDidChangeNotification object: kCFNotificationAnyObject token: 1100000010 pid: 81599
2026-01-13 10:11:37.137208+0800 0x2dc859   Default     0x0                  427    0    distnoted: [com.apple.distnoted:diagnostic] register name: ApplePrivateInterfaceThemeChangedNotification object: kCFNotificationAnyObject token: 1200000011 pid: 81599
2026-01-13 10:11:37.137245+0800 0x2dc859   Default     0x0                  427    0    distnoted: [com.apple.distnoted:diagnostic] register name: com.apple.universalaccess.VoiceOverSettingsDidChange object: kCFNotificationAnyObject token: 130000001a pid: 81599
2026-01-13 10:11:37.137284+0800 0x1251     Default     0x0                  485    0    Dock: [com.apple.dock:event-queue] Performing event <private>
2026-01-13 10:11:37.137290+0800 0x2dc859   Default     0x0                  427    0    distnoted: [com.apple.distnoted:diagnostic] register name: UniversalAccessDomainAssistiveControlSettingsDidChangeNotification object: kCFNotificationAnyObject token: 1400000019 pid: 81599
2026-01-13 10:11:37.137333+0800 0x2dc859   Default     0x0                  427    0    distnoted: [com.apple.distnoted:diagnostic] register name: UADomainKeyboardAccessSettingsDidChangeNotification object: kCFNotificationAnyObject token: 1500000018 pid: 81599
2026-01-13 10:11:37.137403+0800 0x2dc859   Default     0x0                  427    0    distnoted: [com.apple.distnoted:diagnostic] register name: AppleNoRedisplayAppearancePreferenceChanged object: kCFNotificationAnyObject token: 1600000017 pid: 81599
2026-01-13 10:11:37.137488+0800 0x2dc859   Default     0x0                  427    0    distnoted: [com.apple.distnoted:diagnostic] register name: AppleNoRedisplayAppearancePreferenceChanged object: kCFNotificationAnyObject token: 1700000016 pid: 81599
2026-01-13 10:11:37.137549+0800 0x2dc859   Default     0x0                  427    0    distnoted: [com.apple.distnoted:diagnostic] register name: com.apple.AppleSpacesSwitchOnActivate object: kCFNotificationAnyObject token: 1800000015 pid: 81599
2026-01-13 10:11:37.137613+0800 0x2dc859   Default     0x0                  427    0    distnoted: [com.apple.distnoted:diagnostic] register name: AppleKeyboardPreferencesFnKeySettingChangedNotification object: kCFNotificationAnyObject token: 1900000014 pid: 81599
2026-01-13 10:11:37.137763+0800 0x2dea65   Default     0xc2c295             444    0    BiomeAgent: (IntelligencePlatformCore) [com.apple.intelligenceplatform:views] ViewUpdate: 79:AppsRecentlyFocused: View was updated
2026-01-13 10:11:37.137871+0800 0x2dea65   Default     0xc2c295             444    0    BiomeAgent: (IntelligencePlatformCore) [com.apple.intelligenceplatform:views] ViewUpdate: completed update
2026-01-13 10:11:37.137884+0800 0x2dea65   Default     0xc2c295             444    0    BiomeAgent: (IntelligencePlatformCore) [com.apple.intelligenceplatform:orchestration] ViewUpdate: 79:AppsRecentlyFocused: Ending view update attempt
2026-01-13 10:11:37.138007+0800 0x2dea65   Default     0xc2c295             444    0    BiomeAgent: (IntelligencePlatformCore) [com.apple.intelligenceplatform:orchestration] ViewUpdate: Finished update job for live
2026-01-13 10:11:37.138380+0800 0x2ddffe   Default     0xc2c295             1577   0    proactived: (ProactiveContextClient) [com.apple.duetexpertd.atx:modes] ATXModeAppLaunchFeaturizer: Going back to inactive state since user quit prematurely
2026-01-13 10:11:37.138894+0800 0x2ddffe   Activity    0xc2c2b4             1577   0    proactived: (BiomeFoundation) _BMXPCFileManager.temporaryFileHandleWithProtection:error:
2026-01-13 10:11:37.139402+0800 0x2dea25   Default     0x0                  81599  0    Catalytic: (FrontBoardServices) [com.apple.FrontBoard:Common] FBSWorkspace: endpoint monitoring is disabled.
2026-01-13 10:11:37.139403+0800 0x2dea25   Default     0x0                  81599  0    Catalytic: (FrontBoardServices) [com.apple.FrontBoard:Common] FBSWorkspace: default shell endpoint is disabled.
2026-01-13 10:11:37.139403+0800 0x2ddffe   Activity    0xc2c2b5             1577   0    proactived: (BiomeFoundation) _BMXPCFileManager.replaceFileAtPath:withFileHandle:error:
2026-01-13 10:11:37.139532+0800 0x2dea25   Default     0x0                  81599  0    Catalytic: (RunningBoardServices) [com.apple.runningboard:connection] Initializing connection
2026-01-13 10:11:37.139577+0800 0x2dea25   Default     0x0                  81599  0    Catalytic: (RunningBoardServices) [com.apple.runningboard:process] Removing all cached process handles
2026-01-13 10:11:37.139598+0800 0x2dea2f   Default     0x0                  81599  0    Catalytic: (RunningBoardServices) [com.apple.runningboard:connection] Sending handshake request attempt #1 to server
2026-01-13 10:11:37.139600+0800 0x2dea2f   Default     0x0                  81599  0    Catalytic: (RunningBoardServices) [com.apple.runningboard:connection] Creating connection to com.apple.runningboard
2026-01-13 10:11:37.139605+0800 0x2dea2f   Default     0x0                  81599  0    Catalytic: (libxpc.dylib) [com.apple.xpc:connection] [0x7fd879238ad0] activating connection: mach=true listener=false peer=false name=com.apple.runningboard
2026-01-13 10:11:37.139766+0800 0x2de826   Activity    0xc2c635             219    0    runningboardd: (RunningBoard) incoming connection
2026-01-13 10:11:37.139770+0800 0x2de826   Default     0xc2c635             219    0    runningboardd: (RunningBoard) [com.apple.runningboard:connection] Incoming connection from 81599, user 501/501
2026-01-13 10:11:37.139832+0800 0x2de826   Default     0xc2c635             219    0    runningboardd: (libxpc.dylib) [com.apple.xpc:connection] [0x7f79349f6760] activating connection: mach=false listener=false peer=true name=com.apple.runningboard.peer[81599].0x7f79349f6760
2026-01-13 10:11:37.139940+0800 0x2de483   Activity    0xc2c636             219    0    runningboardd: (RunningBoard) handshakeWithRequest
2026-01-13 10:11:37.139955+0800 0x2de483   Default     0xc2c636             219    0    runningboardd: (RunningBoard) [com.apple.runningboard:connection] Setting client for [anon<Catalytic>(501):81599] as ready
2026-01-13 10:11:37.140011+0800 0x2de483   Default     0xc2c636             219    0    runningboardd: (RunningBoard) [com.apple.runningboard:connection] Inheritance changeset: <RBSInheritanceChangeSet| gained:{(
    <RBSInheritance| environment:(none) name:com.apple.launchservices.userfacing origID:219-141-85440 0>,
    <RBSInheritance| environment:(none) name:com.apple.launchservices.userfacing origID:219-141-85441 0>,
    <RBSInheritance| environment:(none) name:com.apple.launchservices.userfacing origID:219-141-85442 0>,
    <RBSInheritance| environment:(none) name:com.apple.launchservices.userfacing origID:219-141-85442 0>
)} lost:{(
)}>
2026-01-13 10:11:37.140109+0800 0x2de483   Default     0xc2c636             219    0    runningboardd: (RunningBoard) [com.apple.runningboard:connection] Received handshake request from 81599 with 0 assertion descriptors
2026-01-13 10:11:37.140128+0800 0x2de483   Default     0xc2c636             219    0    runningboardd: (RunningBoard) [com.apple.runningboard:connection] Handshake successful with 81599; sending response
2026-01-13 10:11:37.140145+0800 0x2dea55   Activity    0xc2c5f3             81599  0    Catalytic: (RunningBoardServices) didChangeInheritances
2026-01-13 10:11:37.140183+0800 0x2dea25   Default     0x0                  81599  0    Catalytic: (libxpc.dylib) [com.apple.xpc:connection] [0x7fd879346fc0] Connection returned listener port: 0x9d03
2026-01-13 10:11:37.140206+0800 0x2de8dc   Default     0xc2c295             444    3    BiomeAgent: (BiomeStorage) [com.apple.Biome:BiomeStorage] Enumerator for App.InFocus starting from <private>/<private>+0x75dd0
2026-01-13 10:11:37.140813+0800 0x2dea2f   Default     0x0                  81599  0    Catalytic: (RunningBoardServices) [com.apple.runningboard:connection] Handshake succeeded
2026-01-13 10:11:37.140825+0800 0x2dea2f   Default     0x0                  81599  0    Catalytic: (RunningBoardServices) [com.apple.runningboard:connection] Identity resolved as anon<Catalytic>(501)
2026-01-13 10:11:37.140921+0800 0x2dc859   Default     0x0                  427    0    distnoted: [com.apple.distnoted:diagnostic] register name: NSEventResetDefaults object: com.apple.AppKit.NSEventResetDefaults token: 1a00000013 pid: 81599
2026-01-13 10:11:37.140978+0800 0x2dc859   Default     0x0                  427    0    distnoted: [com.apple.distnoted:diagnostic] register name: com.apple.AppleMultitouchTrackpadDomainDidChangeNotification object: kCFNotificationAnyObject token: 1b00000012 pid: 81599
2026-01-13 10:11:37.141022+0800 0x2dc859   Default     0x0                  427    0    distnoted: [com.apple.distnoted:diagnostic] register name: AppleEnableSwipeNavigateWithScrollsDidChangeNotification object: kCFNotificationAnyObject token: 1c00000023 pid: 81599
2026-01-13 10:11:37.141074+0800 0x2dc859   Default     0x0                  427    0    distnoted: [com.apple.distnoted:diagnostic] register name: AppleEnableMouseSwipeNavigateWithScrollsDidChangeNotification object: kCFNotificationAnyObject token: 1d00000022 pid: 81599
2026-01-13 10:11:37.141113+0800 0x2dc859   Default     0x0                  427    0    distnoted: [com.apple.distnoted:diagnostic] register name: com.apple.xctest.FakeForceTouchDevice object: io.github.lzdev42.catalyticui token: 1e00000021 pid: 81599
2026-01-13 10:11:37.142119+0800 0x2ddffe   Activity    0xc2c2b6             1577   0    proactived: (BiomeFoundation) _BMXPCFileManager.temporaryFileHandleWithProtection:error:
2026-01-13 10:11:37.142619+0800 0x2ddffe   Activity    0xc2c2b7             1577   0    proactived: (BiomeFoundation) _BMXPCFileManager.replaceFileAtPath:withFileHandle:error:
2026-01-13 10:11:37.143329+0800 0x2de8dc   Default     0xc2c295             444    3    BiomeAgent: (BiomeStorage) [com.apple.Biome:BiomeStorage] Enumerator for App.InFocus starting from <private>/<private>+0x75dd0
2026-01-13 10:11:37.144751+0800 0x2dea25   Default     0x0                  81599  0    Catalytic: (libxpc.dylib) [com.apple.xpc:connection] [0x7fd879346fc0] Connection returned listener port: 0x9d03
2026-01-13 10:11:37.144890+0800 0x2dea6b   Default     0xc2c296             444    0    BiomeAgent: (IntelligencePlatformCore) [com.apple.intelligenceplatform:orchestration] SourceUpdater: <private> triggered 79 to run on the live schedule
2026-01-13 10:11:37.144954+0800 0x2ddffe   Activity    0xc2c2b8             1577   0    proactived: (BiomeFoundation) _BMXPCFileManager.temporaryFileHandleWithProtection:error:
2026-01-13 10:11:37.145093+0800 0x2dea65   Default     0xc2c296             444    0    BiomeAgent: (IntelligencePlatformCore) [com.apple.intelligenceplatform:orchestration] ViewUpdate: Beginning update job for live [runMode: update, checkSLA: true]
2026-01-13 10:11:37.145095+0800 0x2dea65   Default     0xc2c296             444    0    BiomeAgent: (IntelligencePlatformCore) [com.apple.intelligenceplatform:views] ViewUpdate: Starting schedule run <private>
2026-01-13 10:11:37.145171+0800 0x2dea65   Default     0xc2c296             444    0    BiomeAgent: (IntelligencePlatformCore) [com.apple.intelligenceplatform:views] ViewUpdate: Initially have 1 views that may need updating
2026-01-13 10:11:37.145473+0800 0x2dea65   Default     0xc2c296             444    0    BiomeAgent: (IntelligencePlatformCore) [com.apple.intelligenceplatform:orchestration] ViewUpdate: 79:AppsRecentlyFocused: Beginning view update attempt
2026-01-13 10:11:37.145506+0800 0x2ddffe   Activity    0xc2c2b9             1577   0    proactived: (BiomeFoundation) _BMXPCFileManager.replaceFileAtPath:withFileHandle:error:
2026-01-13 10:11:37.146449+0800 0x2de8dc   Default     0xc2c296             444    3    BiomeAgent: (BiomeStorage) [com.apple.Biome:BiomeStorage] Enumerator for App.InFocus starting from <private>/<private>+0x75db0
2026-01-13 10:11:37.147931+0800 0x2dea65   Default     0xc2c296             444    3    BiomeAgent: (BiomeStorage) [com.apple.Biome:BiomeStorage] Enumerator for App.InFocus starting from <private>/<private>+0x75db0
2026-01-13 10:11:37.148913+0800 0x2dea55   Default     0x0                  81599  0    Catalytic: (AppIntents) [com.apple.appintents:Connection] Created a new Process Instance Registry XPC connection (inactive)
2026-01-13 10:11:37.148918+0800 0x2dea55   Default     0x0                  81599  0    Catalytic: (libxpc.dylib) [com.apple.xpc:connection] [0x7fd879238be0] activating connection: mach=true listener=false peer=false name=com.apple.linkd.autoShortcut
2026-01-13 10:11:37.149068+0800 0x2dea55   Default     0x0                  81599  0    Catalytic: (AppIntents) [com.apple.appintents:Connection] Activated connection to com.apple.linkd.autoShortcut (ApplicationService)
2026-01-13 10:11:37.149141+0800 0x2dea55   Default     0x0                  81599  0    Catalytic: (libxpc.dylib) [com.apple.xpc:connection] [0x7fd829006230] activating connection: mach=false listener=true peer=false name=(anonymous)
2026-01-13 10:11:37.149202+0800 0x3ce      Default     0x0                  205    7    WindowServer: (SkyLight) [com.apple.SkyLight:display] [ Display:Brightness ] Display 69734662 set_current_headroom: 1.000000
2026-01-13 10:11:37.149279+0800 0x2de70b   Default     0x0                  427    0    distnoted: [com.apple.distnoted:diagnostic] register name: UAPMenuFontSizeDidChangeNotification object: kCFNotificationAnyObject token: 1f00000020 pid: 81599
2026-01-13 10:11:37.149281+0800 0x2dea65   Default     0xc2c296             444    0    BiomeAgent: (IntelligencePlatformCore) [com.apple.intelligenceplatform:orchestration] ViewUpdate: 79:AppsRecentlyFocused: No update required
2026-01-13 10:11:37.149286+0800 0x2dea65   Default     0xc2c296             444    0    BiomeAgent: (IntelligencePlatformCore) [com.apple.intelligenceplatform:orchestration] ViewUpdate: 79:AppsRecentlyFocused: Ending view update attempt
2026-01-13 10:11:37.149492+0800 0x2dea65   Default     0xc2c296             444    0    BiomeAgent: (IntelligencePlatformCore) [com.apple.intelligenceplatform:orchestration] ViewUpdate: Finished update job for live
2026-01-13 10:11:37.149513+0800 0x2de8dc   Default     0xc2c296             444    3    BiomeAgent: (BiomeStorage) [com.apple.Biome:BiomeStorage] Enumerator for App.InFocus starting from <private>/<private>+0x75db0
2026-01-13 10:11:37.149782+0800 0x2de70b   Default     0x0                  427    0    distnoted: [com.apple.distnoted:diagnostic] register name: AppleAquaAntiAliasingChanged object: kCFNotificationAnyObject token: 200000001f pid: 81599
2026-01-13 10:11:37.150285+0800 0x2dea55   Default     0x0                  81599  0    Catalytic: (libxpc.dylib) [com.apple.xpc:connection] [0x7fd829006230] Connection returned listener port: 0xe103
2026-01-13 10:11:37.150959+0800 0x2de871   Default     0x0                  448    0    linkd: [com.apple.appintents:ApplicationService] Accepting XPC connection from PID 81599 for service "com.apple.linkd.autoShortcut"
2026-01-13 10:11:37.150972+0800 0x2de871   Default     0x0                  448    0    linkd: (libxpc.dylib) [com.apple.xpc:connection] [0x7fb4d010bdc0] activating connection: mach=false listener=false peer=true name=com.apple.linkd.autoShortcut.peer[81599].0x7fb4d010bdc0
2026-01-13 10:11:37.151098+0800 0x2de871   Fault       0xc2bc62             448    14   linkd: (Foundation) [com.apple.Foundation:xpc] <NSXPCConnection: 0x7fb4d0128720> connection from pid 81599 on mach service named com.apple.linkd.autoShortcut: received an undecodable message for proxy 1 (no exported object to receive message). Dropping message.
2026-01-13 10:11:37.151099+0800 0x2de871   Activity    0xc2bc62             448    0    linkd: (libsystem_trace.dylib) Activity for state dumps
2026-01-13 10:11:37.151124+0800 0x2de871   Default     0x0                  448    0    linkd: (libxpc.dylib) [com.apple.xpc:connection] [0x7fb4d010bdc0] invalidated because the current process cancelled the connection by calling xpc_connection_cancel()
2026-01-13 10:11:37.151190+0800 0x2dea7f   Default     0x0                  81599  0    Catalytic: (libxpc.dylib) [com.apple.xpc:connection] [0x7fd879238be0] Re-initialization successful; calling out to event handler with XPC_ERROR_CONNECTION_INTERRUPTED
2026-01-13 10:11:37.151205+0800 0x2dea7f   Default     0x0                  81599  0    Catalytic: (AppIntents) [com.apple.appintents:Connection] Process Instance Registry XPC connection has been interrupted
2026-01-13 10:11:37.151234+0800 0x2de871   Default     0x0                  448    0    linkd: [com.apple.appintents:ApplicationService] Invalidated XPC connection from PID 81599 for service "com.apple.linkd.autoShortcut"
2026-01-13 10:11:37.151280+0800 0x2dea55   Error       0x0                  81599  0    Catalytic: (AppIntents) [com.apple.appintents:Connection] Unable to get synchronousRemoteObjectProxy, error: Error Domain=NSCocoaErrorDomain Code=4097 "connection to service named com.apple.linkd.autoShortcut" UserInfo={NSDebugDescription=connection to service named com.apple.linkd.autoShortcut}
2026-01-13 10:11:37.151348+0800 0x2dea55   Error       0x0                  81599  0    Catalytic: (AppKit) [com.apple.AppKit:Application] Error registering app with intents framework: Error Domain=NSCocoaErrorDomain Code=4097 UserInfo={NSDebugDescription=<private>}
2026-01-13 10:11:37.151364+0800 0x2dea25   Default     0x0                  81599  0    Catalytic: (AppKit) [com.apple.AppKit:Appearance] Invalidate NSApp effectiveAppearance
2026-01-13 10:11:37.151421+0800 0x2dea2f   Default     0x0                  81599  0    Catalytic: (AppIntents) [com.apple.appintents:Connection] Created a new Process Instance Registry XPC connection (inactive)
2026-01-13 10:11:37.151534+0800 0x2dea2f   Default     0x0                  81599  0    Catalytic: (AppIntents) [com.apple.appintents:Connection] Created a new Process Instance Registry XPC connection (inactive)
2026-01-13 10:11:37.151537+0800 0x2dea2f   Default     0x0                  81599  0    Catalytic: (libxpc.dylib) [com.apple.xpc:connection] [0x7fd87934d450] activating connection: mach=true listener=false peer=false name=com.apple.linkd.autoShortcut
2026-01-13 10:11:37.151650+0800 0x2dea2f   Default     0x0                  81599  0    Catalytic: (AppIntents) [com.apple.appintents:Connection] Activated connection to com.apple.linkd.autoShortcut (ApplicationService)
2026-01-13 10:11:37.151658+0800 0x2dea2f   Default     0x0                  81599  0    Catalytic: (libxpc.dylib) [com.apple.xpc:connection] [0x7fd829006230] Connection returned listener port: 0xe103
2026-01-13 10:11:37.151965+0800 0x2de871   Default     0x0                  448    0    linkd: [com.apple.appintents:ApplicationService] Accepting XPC connection from PID 81599 for service "com.apple.linkd.autoShortcut"
2026-01-13 10:11:37.151975+0800 0x2de871   Default     0x0                  448    0    linkd: (libxpc.dylib) [com.apple.xpc:connection] [0x7fb4d8419a30] activating connection: mach=false listener=false peer=true name=com.apple.linkd.autoShortcut.peer[81599].0x7fb4d8419a30
2026-01-13 10:11:37.152146+0800 0x2dea82   Fault       0xc2bc63             448    14   linkd: (Foundation) [com.apple.Foundation:xpc] <NSXPCConnection: 0x7fb4da915100> connection from pid 81599 on mach service named com.apple.linkd.autoShortcut: received an undecodable message for proxy 1 (no exported object to receive message). Dropping message.
2026-01-13 10:11:37.152146+0800 0x2dea82   Activity    0xc2bc63             448    0    linkd: (libsystem_trace.dylib) Activity for state dumps
2026-01-13 10:11:37.152161+0800 0x2dea82   Default     0x0                  448    0    linkd: (libxpc.dylib) [com.apple.xpc:connection] [0x7fb4d8419a30] invalidated because the current process cancelled the connection by calling xpc_connection_cancel()
2026-01-13 10:11:37.152210+0800 0x2dea2f   Error       0x0                  81599  0    Catalytic: (AppIntents) [com.apple.appintents:Connection] Unable to get synchronousRemoteObjectProxy, error: Error Domain=NSCocoaErrorDomain Code=4097 "connection to service named com.apple.linkd.autoShortcut" UserInfo={NSDebugDescription=connection to service named com.apple.linkd.autoShortcut}
2026-01-13 10:11:37.152217+0800 0x2dea82   Default     0x0                  448    0    linkd: [com.apple.appintents:ApplicationService] Invalidated XPC connection from PID 81599 for service "com.apple.linkd.autoShortcut"
2026-01-13 10:11:37.152225+0800 0x2dea55   Default     0x0                  81599  0    Catalytic: (libxpc.dylib) [com.apple.xpc:connection] [0x7fd87934d450] Re-initialization successful; calling out to event handler with XPC_ERROR_CONNECTION_INTERRUPTED
2026-01-13 10:11:37.152227+0800 0x2dea2f   Error       0x0                  81599  0    Catalytic: (AppIntents) [com.apple.appintents:Connection] Unable to re-register with Process Instance Registry, error: Error Domain=NSCocoaErrorDomain Code=4097 "connection to service named com.apple.linkd.autoShortcut" UserInfo={NSDebugDescription=connection to service named com.apple.linkd.autoShortcut}
2026-01-13 10:11:37.152227+0800 0x2dea55   Default     0x0                  81599  0    Catalytic: (AppIntents) [com.apple.appintents:Connection] Process Instance Registry XPC connection has been interrupted
2026-01-13 10:11:37.152390+0800 0x2dea7f   Default     0x0                  81599  0    Catalytic: (AppIntents) [com.apple.appintents:Connection] Created a new Process Instance Registry XPC connection (inactive)
2026-01-13 10:11:37.152514+0800 0x2dea7f   Default     0x0                  81599  0    Catalytic: (AppIntents) [com.apple.appintents:Connection] Created a new Process Instance Registry XPC connection (inactive)
2026-01-13 10:11:37.152516+0800 0x2dea7f   Default     0x0                  81599  0    Catalytic: (libxpc.dylib) [com.apple.xpc:connection] [0x7fd87871bf80] activating connection: mach=true listener=false peer=false name=com.apple.linkd.autoShortcut
2026-01-13 10:11:37.152613+0800 0x2dea7f   Default     0x0                  81599  0    Catalytic: (AppIntents) [com.apple.appintents:Connection] Activated connection to com.apple.linkd.autoShortcut (ApplicationService)
2026-01-13 10:11:37.152616+0800 0x2dea7f   Default     0x0                  81599  0    Catalytic: (libxpc.dylib) [com.apple.xpc:connection] [0x7fd829006230] Connection returned listener port: 0xe103
2026-01-13 10:11:37.152834+0800 0x2de871   Default     0x0                  448    0    linkd: [com.apple.appintents:ApplicationService] Accepting XPC connection from PID 81599 for service "com.apple.linkd.autoShortcut"
2026-01-13 10:11:37.152843+0800 0x2de871   Default     0x0                  448    0    linkd: (libxpc.dylib) [com.apple.xpc:connection] [0x7fb4d83154f0] activating connection: mach=false listener=false peer=true name=com.apple.linkd.autoShortcut.peer[81599].0x7fb4d83154f0
2026-01-13 10:11:37.152923+0800 0x2dea82   Fault       0xc2bc64             448    14   linkd: (Foundation) [com.apple.Foundation:xpc] <NSXPCConnection: 0x7fb4d8332f10> connection from pid 81599 on mach service named com.apple.linkd.autoShortcut: received an undecodable message for proxy 1 (no exported object to receive message). Dropping message.
2026-01-13 10:11:37.152923+0800 0x2dea82   Activity    0xc2bc64             448    0    linkd: (libsystem_trace.dylib) Activity for state dumps
2026-01-13 10:11:37.152943+0800 0x2dea82   Default     0x0                  448    0    linkd: (libxpc.dylib) [com.apple.xpc:connection] [0x7fb4d83154f0] invalidated because the current process cancelled the connection by calling xpc_connection_cancel()
